*****************************************************************
      SolidWorks Corporation - IGES Processor Status Report
*****************************************************************
=================================================================
Общая информация
=================================================================
Отправка кода продукта системы: bsh.SLDPRT
Получение кода продукта системы: bsh.SLDPRT
Имя файла                 : C:\Documents and Settings\Администратор\Мои документы\Google Диск\darxton\doc\3d\final\ballscrew\bsh16.IGS
Отправка системы               : SolidWorks 2012
Версия препроцессора       : SolidWorks 2012
Дата создания файла           : 130726.100753
Дата создания модели          : 130726.100753
Единицы                        : MM
Масштаб пространства модели            : 1
Автор                       : Администратор
Организация                 : 


=================================================================
Сведения по обработке объекта
=================================================================


=================================================================
Точный анализ файла IGES:
=================================================================
  Преобладающее число значимых знаков:              11
  Наибольшее число значимых знаков:                     13
  Среднее число значимых знаков:                8.73938
  Максимальное расстояние до исходной точки:                          1444.94
  Минимальное расстояние до исходной точки:                           4.8277
  Эффективное число значимых знаков:              12.9971


=================================================================
Сводка по объектам
=================================================================
-----------------------------------------------------------------
Тип Имя                                         Количество Преобразован
---- ----                                         ----- ---------
100  Arc                                             68        68
110  Line                                           216       216
116  Point                                            8         8
120  Surface of revolution                           66        66
123  Direction                                       16        16
124  Transformation matrix                           64        64
186  Manifold Solid B-rep Object                      1         1
190  Plane surface entity                             8         8
314  Color definition                                 1         1
502  Vertex list                                      1         1
504  Edge entity                                      1         1
508  Loop entity                                     86        86
510  Face entity                                     74        74
514  Shell entity                                     1         1
_________________________________________________________________


=================================================================
Сводка результатов
=================================================================
Тип элемента SolidWorks                Количество
-----------------------                -----
Твердотельные элементы                       1
Элементы поверхности                     0
Элементы кривой/эскиза                0
--------------------------------------------
Время начала: среда, Январь 24, 2018 21:10:02
Время окончания: среда, Январь 24, 2018 21:10:03
Время обработки: 0 days, 00 hours, 00 mins, 01 secs
